Using CPython 3.11.14 interpreter at: /usr/local/bin/python3
Creating virtual environment at: .venv
   Building financial-transaction-agent @ file:///home/user/PYD-transcation-analysis-agent-
Downloading fastavro (3.3MiB)
Downloading temporalio (12.3MiB)
Downloading botocore (13.5MiB)
Downloading numpy (16.2MiB)
Downloading pandas (12.2MiB)
Downloading pydantic-core (2.0MiB)
Downloading tokenizers (3.1MiB)
Downloading hf-xet (3.2MiB)
Downloading beartype (1.3MiB)
Downloading cryptography (4.3MiB)
Downloading pygments (1.2MiB)
 Downloading pydantic-core
      Built financial-transaction-agent @ file:///home/user/PYD-transcation-analysis-agent-
 Downloading hf-xet
 Downloading tokenizers
 Downloading fastavro
 Downloading beartype
 Downloading pygments
 Downloading cryptography
 Downloading temporalio
 Downloading pandas
 Downloading botocore
 Downloading numpy
Installed 136 packages in 3.19s
============================= test session starts ==============================
platform linux -- Python 3.11.14, pytest-8.4.2, pluggy-1.6.0 -- /root/.local/share/uv/tools/pytest/bin/python
cachedir: .pytest_cache
rootdir: /home/user/PYD-transcation-analysis-agent-
configfile: pyproject.toml
testpaths: tests
collecting ... collected 0 items / 9 errors

==================================== ERRORS ====================================
______________________ ERROR collecting tests/test_cli.py ______________________
ImportError while importing test module '/home/user/PYD-transcation-analysis-agent-/tests/test_cli.py'.
Hint: make sure your test modules/packages have valid Python names.
Traceback:
/usr/lib/python3.11/importlib/__init__.py:126: in import_module
    return _bootstrap._gcd_import(name[level:], package, level)
           ^^^^^^^^^^^^^^^^^^^^^^^^^^^^^^^^^^^^^^^^^^^^^^^^^^^^
tests/test_cli.py:18: in <module>
    from typer.testing import CliRunner
E   ModuleNotFoundError: No module named 'typer'
______________________ ERROR collecting tests/test_e2e.py ______________________
ImportError while importing test module '/home/user/PYD-transcation-analysis-agent-/tests/test_e2e.py'.
Hint: make sure your test modules/packages have valid Python names.
Traceback:
/usr/lib/python3.11/importlib/__init__.py:126: in import_module
    return _bootstrap._gcd_import(name[level:], package, level)
           ^^^^^^^^^^^^^^^^^^^^^^^^^^^^^^^^^^^^^^^^^^^^^^^^^^^^
tests/test_e2e.py:17: in <module>
    import pandas as pd
E   ModuleNotFoundError: No module named 'pandas'
__________________ ERROR collecting tests/test_edge_cases.py ___________________
ImportError while importing test module '/home/user/PYD-transcation-analysis-agent-/tests/test_edge_cases.py'.
Hint: make sure your test modules/packages have valid Python names.
Traceback:
/usr/lib/python3.11/importlib/__init__.py:126: in import_module
    return _bootstrap._gcd_import(name[level:], package, level)
           ^^^^^^^^^^^^^^^^^^^^^^^^^^^^^^^^^^^^^^^^^^^^^^^^^^^^
tests/test_edge_cases.py:18: in <module>
    import pandas as pd
E   ModuleNotFoundError: No module named 'pandas'
__________________ ERROR collecting tests/test_integration.py __________________
ImportError while importing test module '/home/user/PYD-transcation-analysis-agent-/tests/test_integration.py'.
Hint: make sure your test modules/packages have valid Python names.
Traceback:
/usr/lib/python3.11/importlib/__init__.py:126: in import_module
    return _bootstrap._gcd_import(name[level:], package, level)
           ^^^^^^^^^^^^^^^^^^^^^^^^^^^^^^^^^^^^^^^^^^^^^^^^^^^^
tests/test_integration.py:15: in <module>
    import pandas as pd
E   ModuleNotFoundError: No module named 'pandas'
_____________________ ERROR collecting tests/test_mcts.py ______________________
ImportError while importing test module '/home/user/PYD-transcation-analysis-agent-/tests/test_mcts.py'.
Hint: make sure your test modules/packages have valid Python names.
Traceback:
/usr/lib/python3.11/importlib/__init__.py:126: in import_module
    return _bootstrap._gcd_import(name[level:], package, level)
           ^^^^^^^^^^^^^^^^^^^^^^^^^^^^^^^^^^^^^^^^^^^^^^^^^^^^
tests/test_mcts.py:24: in <module>
    from src.mcts_engine import MCTSNode, MCTSEngine
src/mcts_engine.py:12: in <module>
    from src.config import MCTSConfig
src/config.py:11: in <module>
    from dotenv import load_dotenv
E   ModuleNotFoundError: No module named 'dotenv'
____________________ ERROR collecting tests/test_models.py _____________________
ImportError while importing test module '/home/user/PYD-transcation-analysis-agent-/tests/test_models.py'.
Hint: make sure your test modules/packages have valid Python names.
Traceback:
/usr/lib/python3.11/importlib/__init__.py:126: in import_module
    return _bootstrap._gcd_import(name[level:], package, level)
           ^^^^^^^^^^^^^^^^^^^^^^^^^^^^^^^^^^^^^^^^^^^^^^^^^^^^
tests/test_models.py:8: in <module>
    from pydantic import ValidationError
E   ModuleNotFoundError: No module named 'pydantic'
____________________ ERROR collecting tests/test_prompts.py ____________________
ImportError while importing test module '/home/user/PYD-transcation-analysis-agent-/tests/test_prompts.py'.
Hint: make sure your test modules/packages have valid Python names.
Traceback:
/usr/lib/python3.11/importlib/__init__.py:126: in import_module
    return _bootstrap._gcd_import(name[level:], package, level)
           ^^^^^^^^^^^^^^^^^^^^^^^^^^^^^^^^^^^^^^^^^^^^^^^^^^^^
tests/test_prompts.py:16: in <module>
    from src.models import Transaction, Currency, FraudRiskLevel
src/models.py:11: in <module>
    from pydantic import BaseModel, Field, field_validator
E   ModuleNotFoundError: No module named 'pydantic'
_______________ ERROR collecting tests/test_tool_interactions.py _______________
ImportError while importing test module '/home/user/PYD-transcation-analysis-agent-/tests/test_tool_interactions.py'.
Hint: make sure your test modules/packages have valid Python names.
Traceback:
/usr/lib/python3.11/importlib/__init__.py:126: in import_module
    return _bootstrap._gcd_import(name[level:], package, level)
           ^^^^^^^^^^^^^^^^^^^^^^^^^^^^^^^^^^^^^^^^^^^^^^^^^^^^
tests/test_tool_interactions.py:14: in <module>
    import pandas as pd
E   ModuleNotFoundError: No module named 'pandas'
_____________________ ERROR collecting tests/test_tools.py _____________________
ImportError while importing test module '/home/user/PYD-transcation-analysis-agent-/tests/test_tools.py'.
Hint: make sure your test modules/packages have valid Python names.
Traceback:
/usr/lib/python3.11/importlib/__init__.py:126: in import_module
    return _bootstrap._gcd_import(name[level:], package, level)
           ^^^^^^^^^^^^^^^^^^^^^^^^^^^^^^^^^^^^^^^^^^^^^^^^^^^^
tests/test_tools.py:15: in <module>
    import pandas as pd
E   ModuleNotFoundError: No module named 'pandas'
=============================== warnings summary ===============================
../../../root/.local/share/uv/tools/pytest/lib/python3.11/site-packages/_pytest/config/__init__.py:1474
  /root/.local/share/uv/tools/pytest/lib/python3.11/site-packages/_pytest/config/__init__.py:1474: PytestConfigWarning: Unknown config option: asyncio_mode
  
    self._warn_or_fail_if_strict(f"Unknown config option: {key}\n")

-- Docs: https://docs.pytest.org/en/stable/how-to/capture-warnings.html
=========================== short test summary info ============================
ERROR tests/test_cli.py
ERROR tests/test_e2e.py
ERROR tests/test_edge_cases.py
ERROR tests/test_integration.py
ERROR tests/test_mcts.py
ERROR tests/test_models.py
ERROR tests/test_prompts.py
ERROR tests/test_tool_interactions.py
ERROR tests/test_tools.py
!!!!!!!!!!!!!!!!!!! Interrupted: 9 errors during collection !!!!!!!!!!!!!!!!!!!!
========================= 1 warning, 9 errors in 0.53s =========================
